// Vitest Snapshot v1, https://vitest.dev/guide/snapshot.html

exports[`SimulationEngine Integration > should match SP snapshot 1`] = `
[
  {
    "time": 0,
    "value": 200,
  },
  {
    "actionId": "inst_hkc1ibd",
    "time": 0,
    "value": 100,
  },
  {
    "time": 0.5,
    "value": 100,
  },
  {
    "time": 3.2,
    "value": 121.6,
  },
  {
    "actionId": "inst_83xf30r",
    "time": 3.2,
    "value": 139.6,
  },
  {
    "actionId": "inst_6wgpfl3",
    "time": 3.2,
    "value": 39.599999999999994,
  },
  {
    "time": 3.7,
    "value": 39.599999999999994,
  },
  {
    "time": 4.4,
    "value": 45.199999999999996,
  },
  {
    "time": 4.9,
    "value": 45.199999999999996,
  },
  {
    "time": 8,
    "value": 70,
  },
  {
    "time": 8.5,
    "value": 70,
  },
  {
    "time": 9.6,
    "value": 78.8,
  },
  {
    "actionId": "inst_nxhwtu6",
    "time": 9.6,
    "value": 96.8,
  },
  {
    "time": 13.3,
    "value": 126.4,
  },
  {
    "actionId": "inst_95ddgxo",
    "time": 13.3,
    "value": 144.4,
  },
  {
    "actionId": "inst_wi5a1dj",
    "time": 13.3,
    "value": 44.400000000000006,
  },
  {
    "time": 13.8,
    "value": 44.400000000000006,
  },
  {
    "time": 17.1,
    "value": 70.80000000000001,
  },
  {
    "actionId": "inst_9u3lc19",
    "time": 17.1,
    "value": 88.80000000000001,
  },
  {
    "time": 18.5,
    "value": 100,
  },
  {
    "time": 19,
    "value": 100,
  },
  {
    "time": 21.5,
    "value": 120,
  },
  {
    "actionId": "inst_7d7vbcy",
    "time": 21.5,
    "value": 138,
  },
  {
    "time": 21.8,
    "value": 138,
  },
  {
    "time": 22.3,
    "value": 138,
  },
  {
    "time": 24.5,
    "value": 155.6,
  },
  {
    "time": 25,
    "value": 155.6,
  },
  {
    "time": 26.4,
    "value": 166.79999999999998,
  },
  {
    "actionId": "inst_ai1qx5h",
    "time": 26.4,
    "value": 191.79999999999998,
  },
  {
    "time": 26.5,
    "value": 192.6,
  },
  {
    "actionId": "inst_8ka0n5b",
    "time": 26.5,
    "value": 92.6,
  },
  {
    "time": 27,
    "value": 92.6,
  },
]
`;

exports[`SimulationEngine Integration > should match Stagger snapshot 1`] = `
{
  "lockSegments": [
    {
      "end": 31.5,
      "start": 21.5,
    },
  ],
  "nodeSegments": [],
  "nodeStep": 125,
  "points": [
    {
      "time": 0,
      "val": 0,
    },
    {
      "time": 1.5,
      "val": 0,
    },
    {
      "time": 1.5,
      "val": 10,
    },
    {
      "time": 3.2,
      "val": 10,
    },
    {
      "time": 3.2,
      "val": 26,
    },
    {
      "time": 3.6,
      "val": 26,
    },
    {
      "time": 3.6,
      "val": 36,
    },
    {
      "time": 4.960000000000001,
      "val": 36,
    },
    {
      "time": 4.960000000000001,
      "val": 46,
    },
    {
      "time": 8.8,
      "val": 46,
    },
    {
      "time": 8.8,
      "val": 56,
    },
    {
      "time": 9.6,
      "val": 56,
    },
    {
      "time": 9.6,
      "val": 72,
    },
    {
      "time": 13.3,
      "val": 72,
    },
    {
      "time": 13.3,
      "val": 88,
    },
    {
      "time": 14.3,
      "val": 88,
    },
    {
      "time": 14.3,
      "val": 98,
    },
    {
      "time": 17.1,
      "val": 98,
    },
    {
      "time": 17.1,
      "val": 114,
    },
    {
      "time": 19.5,
      "val": 114,
    },
    {
      "time": 19.5,
      "val": 124,
    },
    {
      "time": 21.5,
      "val": 124,
    },
    {
      "time": 21.5,
      "val": 0,
    },
    {
      "time": 22.36,
      "val": 0,
    },
    {
      "time": 23,
      "val": 0,
    },
    {
      "time": 25.3,
      "val": 0,
    },
    {
      "time": 26.9,
      "val": 0,
    },
  ],
}
`;
